0 verbose cli /usr/local/bin/node /usr/local/bin/npm
1 info using npm@9.9.4
2 info using node@v19.9.0
3 timing npm:load:whichnode Completed in 2ms
4 timing config:load:defaults Completed in 4ms
5 timing config:load:file:/usr/local/lib/node_modules/npm/npmrc Completed in 2ms
6 timing config:load:builtin Completed in 2ms
7 timing config:load:cli Completed in 6ms
8 timing config:load:env Completed in 1ms
9 timing config:load:project Completed in 7ms
10 timing config:load:file:/home/container/.npmrc Completed in 1ms
11 timing config:load:user Completed in 1ms
12 timing config:load:file:/usr/local/etc/npmrc Completed in 1ms
13 timing config:load:global Completed in 1ms
14 timing config:load:setEnvs Completed in 3ms
15 timing config:load Completed in 25ms
16 timing npm:load:configload Completed in 25ms
17 timing config:load:flatten Completed in 6ms
18 timing npm:load:mkdirpcache Completed in 0ms
19 timing npm:load:mkdirplogs Completed in 1ms
20 verbose title npm install
21 verbose argv "install"
22 timing npm:load:setTitle Completed in 1ms
23 timing npm:load:display Completed in 1ms
24 verbose logfile logs-max:10 dir:/home/container/.npm/_logs/2026-07-22T15_36_23_945Z-
25 verbose logfile /home/container/.npm/_logs/2026-07-22T15_36_23_945Z-debug-0.log
26 timing npm:load:logFile Completed in 16ms
27 timing npm:load:timers Completed in 1ms
28 timing npm:load:configScope Completed in 0ms
29 timing npm:load Completed in 123ms
30 timing arborist:ctor Completed in 2ms
31 silly logfile done cleaning log files
32 timing idealTree:init Completed in 78ms
33 timing idealTree:userRequests Completed in 1ms
34 silly idealTree buildDeps
35 timing idealTree:#root Completed in 0ms
36 timing idealTree:buildDeps Completed in 2ms
37 timing idealTree:fixDepFlags Completed in 0ms
38 timing idealTree Completed in 88ms
39 timing reify:loadTrees Completed in 98ms
40 timing reify:diffTrees Completed in 4ms
41 silly reify moves {}
42 timing reify:retireShallow Completed in 2ms
43 timing reify:createSparse Completed in 8ms
44 timing reify:loadBundles Completed in 0ms
45 silly audit bulk request {
45 silly audit   '@discordjs/builders': [ '1.14.1' ],
45 silly audit   '@discordjs/collection': [ '1.5.3', '2.1.1' ],
45 silly audit   '@discordjs/formatters': [ '0.6.2' ],
45 silly audit   '@discordjs/rest': [ '2.6.2' ],
45 silly audit   '@discordjs/util': [ '1.2.0' ],
45 silly audit   '@discordjs/ws': [ '1.2.3' ],
45 silly audit   '@sapphire/async-queue': [ '1.5.5' ],
45 silly audit   '@sapphire/shapeshift': [ '4.0.0' ],
45 silly audit   '@sapphire/snowflake': [ '3.5.5' ],
45 silly audit   '@types/node': [ '26.1.1' ],
45 silly audit   '@types/ws': [ '8.18.1' ],
45 silly audit   '@vladfrangu/async_event_emitter': [ '2.4.7' ],
45 silly audit   'discord-api-types': [ '0.38.50' ],
45 silly audit   'discord.js': [ '14.27.0' ],
45 silly audit   dotenv: [ '17.4.2' ],
45 silly audit   'fast-deep-equal': [ '3.1.3' ],
45 silly audit   lodash: [ '4.18.1' ],
45 silly audit   'lodash.snakecase': [ '4.1.1' ],
45 silly audit   'magic-bytes.js': [ '1.13.0' ],
45 silly audit   'ts-mixer': [ '6.0.4' ],
45 silly audit   tslib: [ '2.8.1' ],
45 silly audit   undici: [ '6.27.0' ],
45 silly audit   'undici-types': [ '8.3.0' ],
45 silly audit   ws: [ '8.21.1' ]
45 silly audit }
46 silly tarball no local data for undici-types@https://registry.npmjs.org/undici-types/-/undici-types-8.3.0.tgz. Extracting by manifest.
47 silly tarball no local data for tslib@https://registry.npmjs.org/tslib/-/tslib-2.8.1.tgz. Extracting by manifest.
48 silly tarball no local data for ws@https://registry.npmjs.org/ws/-/ws-8.21.1.tgz. Extracting by manifest.
49 silly tarball no local data for ts-mixer@https://registry.npmjs.org/ts-mixer/-/ts-mixer-6.0.4.tgz. Extracting by manifest.
50 silly tarball no local data for lodash.snakecase@https://registry.npmjs.org/lodash.snakecase/-/lodash.snakecase-4.1.1.tgz. Extracting by manifest.
51 silly tarball no local data for magic-bytes.js@https://registry.npmjs.org/magic-bytes.js/-/magic-bytes.js-1.13.0.tgz. Extracting by manifest.
52 silly tarball no local data for fast-deep-equal@https://registry.npmjs.org/fast-deep-equal/-/fast-deep-equal-3.1.3.tgz. Extracting by manifest.
53 silly tarball no local data for undici@https://registry.npmjs.org/undici/-/undici-6.27.0.tgz. Extracting by manifest.
54 silly tarball no local data for dotenv@https://registry.npmjs.org/dotenv/-/dotenv-17.4.2.tgz. Extracting by manifest.
55 silly tarball no local data for discord-api-types@https://registry.npmjs.org/discord-api-types/-/discord-api-types-0.38.50.tgz. Extracting by manifest.
56 silly tarball no local data for lodash@https://registry.npmjs.org/lodash/-/lodash-4.18.1.tgz. Extracting by manifest.
57 silly tarball no local data for discord.js@https://registry.npmjs.org/discord.js/-/discord.js-14.27.0.tgz. Extracting by manifest.
58 silly tarball no local data for @types/ws@https://registry.npmjs.org/@types/ws/-/ws-8.18.1.tgz. Extracting by manifest.
59 silly tarball no local data for @vladfrangu/async_event_emitter@https://registry.npmjs.org/@vladfrangu/async_event_emitter/-/async_event_emitter-2.4.7.tgz. Extracting by manifest.
60 silly tarball no local data for @types/node@https://registry.npmjs.org/@types/node/-/node-26.1.1.tgz. Extracting by manifest.
61 silly tarball no local data for @sapphire/snowflake@https://registry.npmjs.org/@sapphire/snowflake/-/snowflake-3.5.5.tgz. Extracting by manifest.
62 silly tarball no local data for @sapphire/shapeshift@https://registry.npmjs.org/@sapphire/shapeshift/-/shapeshift-4.0.0.tgz. Extracting by manifest.
63 silly tarball no local data for @sapphire/async-queue@https://registry.npmjs.org/@sapphire/async-queue/-/async-queue-1.5.5.tgz. Extracting by manifest.
64 silly tarball no local data for @discordjs/ws@https://registry.npmjs.org/@discordjs/ws/-/ws-1.2.3.tgz. Extracting by manifest.
65 silly tarball no local data for @discordjs/util@https://registry.npmjs.org/@discordjs/util/-/util-1.2.0.tgz. Extracting by manifest.
66 silly tarball no local data for @discordjs/rest@https://registry.npmjs.org/@discordjs/rest/-/rest-2.6.2.tgz. Extracting by manifest.
67 silly tarball no local data for @discordjs/formatters@https://registry.npmjs.org/@discordjs/formatters/-/formatters-0.6.2.tgz. Extracting by manifest.
68 silly tarball no local data for @discordjs/collection@https://registry.npmjs.org/@discordjs/collection/-/collection-1.5.3.tgz. Extracting by manifest.
69 silly tarball no local data for @discordjs/builders@https://registry.npmjs.org/@discordjs/builders/-/builders-1.14.1.tgz. Extracting by manifest.
70 silly tarball no local data for @discordjs/collection@https://registry.npmjs.org/@discordjs/collection/-/collection-2.1.1.tgz. Extracting by manifest.
71 silly tarball no local data for @discordjs/collection@https://registry.npmjs.org/@discordjs/collection/-/collection-2.1.1.tgz. Extracting by manifest.
72 http fetch GET 200 https://registry.npmjs.org/@types/ws/-/ws-8.18.1.tgz 1152ms (cache miss)
73 timing reifyNode:node_modules/@types/ws Completed in 1230ms
74 http fetch GET 200 https://registry.npmjs.org/lodash.snakecase/-/lodash.snakecase-4.1.1.tgz 1169ms (cache miss)
75 timing reifyNode:node_modules/lodash.snakecase Completed in 1236ms
76 http fetch GET 200 https://registry.npmjs.org/fast-deep-equal/-/fast-deep-equal-3.1.3.tgz 1180ms (cache miss)
77 timing reifyNode:node_modules/fast-deep-equal Completed in 1249ms
78 http fetch GET 200 https://registry.npmjs.org/@sapphire/async-queue/-/async-queue-1.5.5.tgz 1169ms (cache miss)
79 timing reifyNode:node_modules/@sapphire/async-queue Completed in 1305ms
80 http fetch GET 200 https://registry.npmjs.org/@discordjs/util/-/util-1.2.0.tgz 1224ms (cache miss)
81 timing reifyNode:node_modules/@discordjs/util Completed in 1311ms
82 http fetch GET 200 https://registry.npmjs.org/@discordjs/collection/-/collection-2.1.1.tgz 1241ms (cache miss)
83 timing reifyNode:node_modules/@discordjs/rest/node_modules/@discordjs/collection Completed in 1406ms
84 http fetch GET 200 https://registry.npmjs.org/magic-bytes.js/-/magic-bytes.js-1.13.0.tgz 1356ms (cache miss)
85 timing reifyNode:node_modules/magic-bytes.js Completed in 1440ms
86 http fetch GET 200 https://registry.npmjs.org/@sapphire/snowflake/-/snowflake-3.5.5.tgz 1374ms (cache miss)
87 timing reifyNode:node_modules/@sapphire/snowflake Completed in 1455ms
88 http fetch GET 200 https://registry.npmjs.org/@discordjs/collection/-/collection-2.1.1.tgz 1402ms (cache miss)
89 timing reifyNode:node_modules/@discordjs/ws/node_modules/@discordjs/collection Completed in 1519ms
90 http fetch GET 200 https://registry.npmjs.org/tslib/-/tslib-2.8.1.tgz 1467ms (cache miss)
91 timing reifyNode:node_modules/tslib Completed in 1545ms
92 http fetch GET 200 https://registry.npmjs.org/dotenv/-/dotenv-17.4.2.tgz 1474ms (cache miss)
93 timing reifyNode:node_modules/dotenv Completed in 1546ms
94 http fetch GET 200 https://registry.npmjs.org/@discordjs/collection/-/collection-1.5.3.tgz 1557ms (cache miss)
95 timing reifyNode:node_modules/@discordjs/collection Completed in 1657ms
96 http fetch GET 200 https://registry.npmjs.org/@discordjs/formatters/-/formatters-0.6.2.tgz 1567ms (cache miss)
97 timing reifyNode:node_modules/@discordjs/formatters Completed in 1660ms
98 http fetch GET 200 https://registry.npmjs.org/ws/-/ws-8.21.1.tgz 1646ms (cache miss)
99 timing reifyNode:node_modules/ws Completed in 1726ms
100 http fetch GET 200 https://registry.npmjs.org/ts-mixer/-/ts-mixer-6.0.4.tgz 1652ms (cache miss)
101 timing reifyNode:node_modules/ts-mixer Completed in 1733ms
102 http fetch GET 200 https://registry.npmjs.org/@discordjs/ws/-/ws-1.2.3.tgz 1740ms (cache miss)
103 timing reifyNode:node_modules/@discordjs/ws Completed in 1825ms
104 http fetch GET 200 https://registry.npmjs.org/undici-types/-/undici-types-8.3.0.tgz 1769ms (cache miss)
105 timing reifyNode:node_modules/undici-types Completed in 1845ms
106 http fetch GET 200 https://registry.npmjs.org/@discordjs/rest/-/rest-2.6.2.tgz 1950ms (cache miss)
107 timing reifyNode:node_modules/@discordjs/rest Completed in 2042ms
108 http fetch GET 200 https://registry.npmjs.org/@sapphire/shapeshift/-/shapeshift-4.0.0.tgz 1964ms (cache miss)
109 timing reifyNode:node_modules/@sapphire/shapeshift Completed in 2050ms
110 http fetch GET 200 https://registry.npmjs.org/@vladfrangu/async_event_emitter/-/async_event_emitter-2.4.7.tgz 1990ms (cache miss)
111 timing reifyNode:node_modules/@vladfrangu/async_event_emitter Completed in 2070ms
112 http fetch GET 200 https://registry.npmjs.org/@discordjs/builders/-/builders-1.14.1.tgz 2108ms (cache miss)
113 timing reifyNode:node_modules/@discordjs/builders Completed in 2209ms
114 http fetch GET 200 https://registry.npmjs.org/npm 2483ms (cache miss)
115 http fetch POST 200 https://registry.npmjs.org/-/npm/v1/security/advisories/bulk 2369ms
116 timing auditReport:getReport Completed in 2376ms
117 silly audit report {}
118 timing auditReport:init Completed in 0ms
119 timing reify:audit Completed in 2376ms
120 http fetch GET 200 https://registry.npmjs.org/@types/node/-/node-26.1.1.tgz 2536ms (cache miss)
121 timing reifyNode:node_modules/@types/node Completed in 2619ms
122 http fetch GET 200 https://registry.npmjs.org/undici/-/undici-6.27.0.tgz 2730ms (cache miss)
123 timing reifyNode:node_modules/undici Completed in 2825ms
124 http fetch GET 200 https://registry.npmjs.org/discord.js/-/discord.js-14.27.0.tgz 3052ms (cache miss)
125 timing reifyNode:node_modules/discord.js Completed in 3129ms
126 http fetch GET 200 https://registry.npmjs.org/lodash/-/lodash-4.18.1.tgz 3550ms (cache miss)
127 timing reifyNode:node_modules/lodash Completed in 3626ms
128 http fetch GET 200 https://registry.npmjs.org/discord-api-types/-/discord-api-types-0.38.50.tgz 20651ms (cache miss)
129 timing reifyNode:node_modules/discord-api-types Completed in 20725ms
130 timing reify:unpack Completed in 20745ms
131 timing reify:unretire Completed in 0ms
132 timing build:queue Completed in 3ms
133 timing build:deps Completed in 3ms
134 timing build Completed in 3ms
135 timing reify:build Completed in 4ms
136 timing reify:trash Completed in 1ms
137 timing reify:save Completed in 27ms
138 timing reify Completed in 21051ms
139 silly ADD node_modules/ws
140 silly ADD node_modules/undici-types
141 silly ADD node_modules/undici
142 silly ADD node_modules/tslib
143 silly ADD node_modules/ts-mixer
144 silly ADD node_modules/magic-bytes.js
145 silly ADD node_modules/lodash.snakecase
146 silly ADD node_modules/lodash
147 silly ADD node_modules/fast-deep-equal
148 silly ADD node_modules/dotenv
149 silly ADD node_modules/discord.js
150 silly ADD node_modules/discord-api-types
151 silly ADD node_modules/@vladfrangu/async_event_emitter
152 silly ADD node_modules/@types/ws
153 silly ADD node_modules/@types/node
154 silly ADD node_modules/@sapphire/snowflake
155 silly ADD node_modules/@sapphire/shapeshift
156 silly ADD node_modules/@sapphire/async-queue
157 silly ADD node_modules/@discordjs/ws
158 silly ADD node_modules/@discordjs/ws/node_modules/@discordjs/collection
159 silly ADD node_modules/@discordjs/util
160 silly ADD node_modules/@discordjs/rest
161 silly ADD node_modules/@discordjs/rest/node_modules/@discordjs/collection
162 silly ADD node_modules/@discordjs/formatters
163 silly ADD node_modules/@discordjs/collection
164 silly ADD node_modules/@discordjs/builders
165 timing command:install Completed in 21072ms
166 notice
166 notice New [31mmajor[39m version of npm available! [31m9.9.4[39m -> [32m12.0.1[39m
166 notice Changelog: [36mhttps://github.com/npm/cli/releases/tag/v12.0.1[39m
166 notice Run [32mnpm install -g npm@12.0.1[39m to update!
166 notice
167 verbose exit 0
168 timing npm Completed in 21603ms
169 info ok
