0 verbose cli /usr/local/bin/node /usr/local/bin/npm
1 info using npm@9.9.4
2 info using node@v19.9.0
3 timing npm:load:whichnode Completed in 6ms
4 timing config:load:defaults Completed in 22ms
5 timing config:load:file:/usr/local/lib/node_modules/npm/npmrc Completed in 2ms
6 timing config:load:builtin Completed in 2ms
7 timing config:load:cli Completed in 8ms
8 timing config:load:env Completed in 5ms
9 timing config:load:project Completed in 4ms
10 timing config:load:file:/home/container/.npmrc Completed in 1ms
11 timing config:load:user Completed in 2ms
12 timing config:load:file:/usr/local/etc/npmrc Completed in 2ms
13 timing config:load:global Completed in 2ms
14 timing config:load:setEnvs Completed in 5ms
15 timing config:load Completed in 55ms
16 timing npm:load:configload Completed in 55ms
17 timing config:load:flatten Completed in 24ms
18 timing npm:load:mkdirpcache Completed in 1ms
19 timing npm:load:mkdirplogs Completed in 1ms
20 verbose title npm install
21 verbose argv "install"
22 timing npm:load:setTitle Completed in 2ms
23 timing npm:load:display Completed in 1ms
24 verbose logfile logs-max:10 dir:/home/container/.npm/_logs/2026-08-23T17_36_10_475Z-
25 verbose logfile /home/container/.npm/_logs/2026-08-23T17_36_10_475Z-debug-0.log
26 timing npm:load:logFile Completed in 37ms
27 timing npm:load:timers Completed in 1ms
28 timing npm:load:configScope Completed in 0ms
29 timing npm:load Completed in 195ms
30 timing arborist:ctor Completed in 3ms
31 silly logfile start cleaning logs, removing 1 files
32 silly logfile done cleaning log files
33 timing idealTree:init Completed in 164ms
34 timing idealTree:userRequests Completed in 0ms
35 silly idealTree buildDeps
36 timing idealTree:#root Completed in 1ms
37 timing idealTree:buildDeps Completed in 3ms
38 timing idealTree:fixDepFlags Completed in 0ms
39 timing idealTree Completed in 176ms
40 timing arborist:ctor Completed in 2ms
41 timing reify:loadTrees Completed in 262ms
42 timing reify:diffTrees Completed in 14ms
43 silly reify moves {}
44 timing reify:retireShallow Completed in 3ms
45 timing reify:createSparse Completed in 0ms
46 timing reify:loadBundles Completed in 0ms
47 silly audit bulk request {
47 silly audit   '@discordjs/builders': [ '1.14.1' ],
47 silly audit   '@discordjs/collection': [ '1.5.3', '2.1.1' ],
47 silly audit   '@discordjs/formatters': [ '0.6.2' ],
47 silly audit   '@discordjs/rest': [ '2.6.2' ],
47 silly audit   '@discordjs/util': [ '1.2.0' ],
47 silly audit   '@discordjs/ws': [ '1.2.3' ],
47 silly audit   '@sapphire/async-queue': [ '1.5.5' ],
47 silly audit   '@sapphire/shapeshift': [ '4.0.0' ],
47 silly audit   '@sapphire/snowflake': [ '3.5.5' ],
47 silly audit   '@types/node': [ '26.1.1' ],
47 silly audit   '@types/ws': [ '8.18.1' ],
47 silly audit   '@vladfrangu/async_event_emitter': [ '2.4.7' ],
47 silly audit   'discord-api-types': [ '0.38.50' ],
47 silly audit   'discord.js': [ '14.27.0' ],
47 silly audit   dotenv: [ '17.4.2' ],
47 silly audit   'fast-deep-equal': [ '3.1.3' ],
47 silly audit   lodash: [ '4.18.1' ],
47 silly audit   'lodash.snakecase': [ '4.1.1' ],
47 silly audit   'magic-bytes.js': [ '1.13.0' ],
47 silly audit   'ts-mixer': [ '6.0.4' ],
47 silly audit   tslib: [ '2.8.1' ],
47 silly audit   undici: [ '6.27.0' ],
47 silly audit   'undici-types': [ '8.3.0' ],
47 silly audit   ws: [ '8.21.1' ]
47 silly audit }
48 timing reify:unpack Completed in 7ms
49 timing reify:unretire Completed in 0ms
50 timing build:queue Completed in 0ms
51 timing build:deps Completed in 1ms
52 timing build Completed in 2ms
53 timing reify:build Completed in 3ms
54 timing reify:trash Completed in 0ms
55 timing reify:save Completed in 50ms
56 http fetch POST 200 https://registry.npmjs.org/-/npm/v1/security/advisories/bulk 500ms
57 timing auditReport:getReport Completed in 541ms
58 silly audit report {
58 silly audit report   undici: [
58 silly audit report     {
58 silly audit report       id: 1130716,
58 silly audit report       url: 'https://github.com/advisories/GHSA-8xcm-r25x-g524',
58 silly audit report       title: 'undici vulnerable to downstream response desynchronization via retry interceptor',
58 silly audit report       severity: 'moderate',
58 silly audit report       vulnerable_versions: '<6.28.0',
58 silly audit report       cwe: [Array],
58 silly audit report       cvss: [Object]
58 silly audit report     },
58 silly audit report     {
58 silly audit report       id: 1130727,
58 silly audit report       url: 'https://github.com/advisories/GHSA-m8rv-5g2x-5cg5',
58 silly audit report       title: "undici vulnerable to CRLF Injection via blob-like body 'type' property",
58 silly audit report       severity: 'moderate',
58 silly audit report       vulnerable_versions: '<6.28.0',
58 silly audit report       cwe: [Array],
58 silly audit report       cvss: [Object]
58 silly audit report     },
58 silly audit report     {
58 silly audit report       id: 1130732,
58 silly audit report       url: 'https://github.com/advisories/GHSA-v3r7-h72x-cjcm',
58 silly audit report       title: 'undici vulnerable to cookie attribute injection via unsanitized domain and unparsed setCookie fields',
58 silly audit report       severity: 'moderate',
58 silly audit report       vulnerable_versions: '<6.28.0',
58 silly audit report       cwe: [Array],
58 silly audit report       cvss: [Object]
58 silly audit report     }
58 silly audit report   ]
58 silly audit report }
59 timing metavuln:cache:get:security-advisory:undici:6L4FDnv5Buw8vNFOGRABpPI+ki/L7UkmkYZwrfS0KtVMRjzT9NTmf+3wDl2tiqQt/cDOqodvLN+yOrnA4OETNg== Completed in 26ms
60 timing metavuln:cache:get:security-advisory:undici:KibtNyRpHfjFwhZ6ImZZfX+RV4cvdfIBbp96hA4aBNDLZGWdMIN4rlayDs07y1b9RZ0Mxi3xKY3RAtMOtcjDOw== Completed in 23ms
61 timing metavuln:cache:get:security-advisory:undici:ddOAoDwbhusBMJu1X4pLlfzr/oLoKxL00CCDyH+shV8ZtdE/RQJdAZ17K9/I1fBLUdqjFHnU2m9/ZYmby5eIow== Completed in 24ms
62 http fetch GET 200 https://registry.npmjs.org/undici 116ms (cache revalidated)
63 timing metavuln:packument:undici Completed in 129ms
64 timing metavuln:load:security-advisory:undici:1130716 Completed in 7ms
65 timing metavuln:calculate:security-advisory:undici:1130716 Completed in 140ms
66 timing metavuln:load:security-advisory:undici:1130727 Completed in 6ms
67 timing metavuln:calculate:security-advisory:undici:1130727 Completed in 140ms
68 timing metavuln:load:security-advisory:undici:1130732 Completed in 6ms
69 timing metavuln:calculate:security-advisory:undici:1130732 Completed in 146ms
70 timing metavuln:cache:get:security-advisory:@discordjs/rest:f+goSwONmdTJACwprf3z/eCW63TySEWllaiam4ZmIeLx1R+ltCVe/lIXa15s6eFrnDO1Zipf023S1cFcx9ydhA== Completed in 24ms
71 timing metavuln:cache:get:security-advisory:discord.js:pfOEitmJqYxUcTBkpYaG2qp5M/OGW0eFyrUM4DJt7b2Yj/FAYb+EhJlGuxiYqcPfRV1VgpMR7Irp1Ra9TuTD4A== Completed in 24ms
72 http fetch GET 200 https://registry.npmjs.org/discord.js 125ms (cache revalidated)
73 timing metavuln:packument:discord.js Completed in 197ms
74 timing metavuln:load:security-advisory:discord.js:6L4FDnv5Buw8vNFOGRABpPI+ki/L7UkmkYZwrfS0KtVMRjzT9NTmf+3wDl2tiqQt/cDOqodvLN+yOrnA4OETNg== Completed in 121ms
75 timing metavuln:calculate:security-advisory:discord.js:6L4FDnv5Buw8vNFOGRABpPI+ki/L7UkmkYZwrfS0KtVMRjzT9NTmf+3wDl2tiqQt/cDOqodvLN+yOrnA4OETNg== Completed in 319ms
76 http fetch GET 200 https://registry.npmjs.org/@discordjs%2frest 375ms (cache revalidated)
77 timing metavuln:packument:@discordjs/rest Completed in 443ms
78 timing metavuln:load:security-advisory:@discordjs/rest:6L4FDnv5Buw8vNFOGRABpPI+ki/L7UkmkYZwrfS0KtVMRjzT9NTmf+3wDl2tiqQt/cDOqodvLN+yOrnA4OETNg== Completed in 103ms
79 timing metavuln:calculate:security-advisory:@discordjs/rest:6L4FDnv5Buw8vNFOGRABpPI+ki/L7UkmkYZwrfS0KtVMRjzT9NTmf+3wDl2tiqQt/cDOqodvLN+yOrnA4OETNg== Completed in 547ms
80 timing auditReport:init Completed in 701ms
81 timing reify:audit Completed in 1249ms
82 timing reify Completed in 1564ms
83 timing command:install Completed in 1621ms
84 verbose exit 0
85 timing npm Completed in 2772ms
86 info ok
